Microsoft (R) Macro Assembler Version 5.00                  9/25/16 11:59:02
                                                             Page     1-1


				; Вариант 1 
				; 7 6 5 4 3 2 1 0 
				; 5 4 5 0 6 7 2 1 
				 
				;        	76543210 
				; source	01100110b	66 
				; result	10101011b	AB 
				 
				.286 
				 
 0000				code SEGMENT 
					ASSUME cs:code 
				 
 0000				begin: 
 0000  B4 66				mov	AH,	01100110b 
				 
					; 1 
 0002  8A FC				mov	BH,	AH 
 0004  80 E7 02				and	BH,	00000010b 
 0007  D0 EF				shr	BH,	1 
 0009  0A C7				or	AL,	BH	; 00000011b
					03 
					 
					; 2 
 000B  8A FC				mov	BH,	AH 
 000D  80 E7 04				and	BH,	00000100b 
 0010  D0 EF				shr	BH,	1 
 0012  0A C7				or	AL,	BH	; 00000011b
					03 
					 
					; 7 
 0014  8A FC				mov	BH,	AH 
 0016  80 E7 80				and	BH,	10000000b 
 0019  C0 EF 05				shr	BH,	5 
 001C  0A C7				or	AL,	BH	; 00000011b 03 
					 
					; 6 
 001E  8A FC				mov	BH,	AH 
 0020  80 E7 40				and	BH,	01000000b 
 0023  C0 EF 03				shr	BH,	3 
 0026  0A C7				or	AL,	BH	; 00001011b 0B 
					 
					; 0 
 0028  8A FC				mov	BH,	AH 
 002A  80 E7 01				and	BH,	00000001b 
 002D  C0 E7 04				shl	BH,	4 
 0030  0A C7				or	AL,	BH	; 00001011b 0B 
					 
					; 5_5 
 0032  8A FC				mov	BH,	AH 
 0034  80 E7 20				and	BH,	00100000b 
 0037  0A C7				or	AL,	BH 	; 00101011b 2B 
 0039  C0 E7 02				shl	BH,	2 
 003C  0A C7				or	AL,	BH	; 10101011b
Microsoft (R) Macro Assembler Version 5.00                  9/25/16 11:59:02
                                                             Page     1-2


					AB 
					 
					; 4 
 003E  8A FC				mov	BH,	AH 
 0040  80 E7 10				and	BH,	00010000b 
 0043  C0 E7 02				shl	BH,	2 
 0046  0A C7				or	AL,	BH	; 10101011b
					AB 
				 
 0048  B8 4C00				mov	ax,	4c00h 
 004B  CD 21				int	21h 
 004D				code ENDS 
					end begin 
Microsoft (R) Macro Assembler Version 5.00                  9/25/16 11:59:02
                                                             Symbols-1


Segments and Groups:

                N a m e         	Length	 Align	Combine Class

CODE . . . . . . . . . . . . . .  	004D	PARA	NONE	

Symbols:            

                N a m e         	Type	 Value	 Attr

BEGIN  . . . . . . . . . . . . .  	L NEAR	0000	CODE

@FILENAME  . . . . . . . . . . .  	TEXT  lab1		


     63 Source  Lines
     63 Total   Lines
      4 Symbols

  51216 + 465328 Bytes symbol space free

      0 Warning Errors
      0 Severe  Errors
